// Jest Snapshot v1, https://goo.gl/fbAQLP

exports[`DashBoard will catch a snapshot for DashBoard 1`] = `
Object {
  "asFragment": [Function],
  "baseElement": <body>
    <div>
      <div>
        <div
          class="tab"
        >
          <button
            class="tablinks"
            data-testid="answered-polls-test-id"
          >
            Answered Polls
          </button>
          <button
            class="tablinks"
            data-testid="unanswered-polls-test-id"
          >
            UnAnswered Polls
          </button>
        </div>
        <div
          class="lists"
        >
          <ul>
            <li
              class="poll-item"
            >
              <a
                class="poll-list-item"
                href="/questions/xj352vofupe1dqz9emx13r"
              >
                <h4>
                  Would you rather deploy to production once every two weeks or deploy to production once every month?
                   
                </h4>
                <span>
                  created by: 
                  Mike Tsamis
                </span>
                <span>
                  creation Date: 
                  9:16:PM | 4/30/2017
                </span>
              </a>
            </li>
            <li
              class="poll-item"
            >
              <a
                class="poll-list-item"
                href="/questions/vthrdm985a262al8qx3do"
              >
                <h4>
                  Would you rather take a course on ReactJS or take a course on unit testing with Jest?
                   
                </h4>
                <span>
                  created by: 
                  Tyler McGinnis
                </span>
                <span>
                  creation Date: 
                  2:09:PM | 3/15/2017
                </span>
              </a>
            </li>
          </ul>
        </div>
      </div>
    </div>
  </body>,
  "container": <div>
    <div>
      <div
        class="tab"
      >
        <button
          class="tablinks"
          data-testid="answered-polls-test-id"
        >
          Answered Polls
        </button>
        <button
          class="tablinks"
          data-testid="unanswered-polls-test-id"
        >
          UnAnswered Polls
        </button>
      </div>
      <div
        class="lists"
      >
        <ul>
          <li
            class="poll-item"
          >
            <a
              class="poll-list-item"
              href="/questions/xj352vofupe1dqz9emx13r"
            >
              <h4>
                Would you rather deploy to production once every two weeks or deploy to production once every month?
                 
              </h4>
              <span>
                created by: 
                Mike Tsamis
              </span>
              <span>
                creation Date: 
                9:16:PM | 4/30/2017
              </span>
            </a>
          </li>
          <li
            class="poll-item"
          >
            <a
              class="poll-list-item"
              href="/questions/vthrdm985a262al8qx3do"
            >
              <h4>
                Would you rather take a course on ReactJS or take a course on unit testing with Jest?
                 
              </h4>
              <span>
                created by: 
                Tyler McGinnis
              </span>
              <span>
                creation Date: 
                2:09:PM | 3/15/2017
              </span>
            </a>
          </li>
        </ul>
      </div>
    </div>
  </div>,
  "debug": [Function],
  "findAllByAltText": [Function],
  "findAllByDisplayValue": [Function],
  "findAllByLabelText": [Function],
  "findAllByPlaceholderText": [Function],
  "findAllByRole": [Function],
  "findAllByTestId": [Function],
  "findAllByText": [Function],
  "findAllByTitle": [Function],
  "findByAltText": [Function],
  "findByDisplayValue": [Function],
  "findByLabelText": [Function],
  "findByPlaceholderText": [Function],
  "findByRole": [Function],
  "findByTestId": [Function],
  "findByText": [Function],
  "findByTitle": [Function],
  "getAllByAltText": [Function],
  "getAllByDisplayValue": [Function],
  "getAllByLabelText": [Function],
  "getAllByPlaceholderText": [Function],
  "getAllByRole": [Function],
  "getAllByTestId": [Function],
  "getAllByText": [Function],
  "getAllByTitle": [Function],
  "getByAltText": [Function],
  "getByDisplayValue": [Function],
  "getByLabelText": [Function],
  "getByPlaceholderText": [Function],
  "getByRole": [Function],
  "getByTestId": [Function],
  "getByText": [Function],
  "getByTitle": [Function],
  "queryAllByAltText": [Function],
  "queryAllByDisplayValue": [Function],
  "queryAllByLabelText": [Function],
  "queryAllByPlaceholderText": [Function],
  "queryAllByRole": [Function],
  "queryAllByTestId": [Function],
  "queryAllByText": [Function],
  "queryAllByTitle": [Function],
  "queryByAltText": [Function],
  "queryByDisplayValue": [Function],
  "queryByLabelText": [Function],
  "queryByPlaceholderText": [Function],
  "queryByRole": [Function],
  "queryByTestId": [Function],
  "queryByText": [Function],
  "queryByTitle": [Function],
  "rerender": [Function],
  "unmount": [Function],
}
`;
